// Jest Snapshot v1, https://goo.gl/fbAQLP

exports[`App container test should render app 1`] = `
<BrowserRouter>
  <Navbar />
  <Switch>
    <Route
      exact={true}
      path="/"
      render={[Function]}
    />
    <Route
      path="/cart"
      render={[Function]}
    />
    <Route
      component={[Function]}
    />
  </Switch>
  <Footer
    props=""
    scrollToTop={[Function]}
  />
</BrowserRouter>
`;
